#
# There is insufficient memory for the Java Runtime Environment to continue.
# Native memory allocation (malloc) failed to allocate 885856 bytes. Error detail: Chunk::new
# Possible reasons:
#   The system is out of physical RAM or swap space
#   This process is running with CompressedOops enabled, and the Java Heap may be blocking the growth of the native heap
# Possible solutions:
#   Reduce memory load on the system
#   Increase physical memory or swap space
#   Check if swap backing store is full
#   Decrease Java heap size (-Xmx/-Xms)
#   Decrease number of Java threads
#   Decrease Java thread stack sizes (-Xss)
#   Set larger code cache with -XX:ReservedCodeCacheSize=
#   JVM is running with Unscaled Compressed Oops mode in which the Java heap is
#     placed in the first 4GB address space. The Java Heap base address is the
#     maximum limit for the native heap growth. Please use -XX:HeapBaseMinAddress
#     to set the Java Heap base and to place the Java Heap above 4GB virtual address.
# This output file may be truncated or incomplete.
#
#  Out of Memory Error (arena.cpp:168), pid=5832, tid=10188
#
# JRE version: OpenJDK Runtime Environment (21.0.9) (build 21.0.9+-14787801-b1163.94)
# Java VM: OpenJDK 64-Bit Server VM (21.0.9+-14787801-b1163.94, mixed mode, tiered, compressed oops, compressed class ptrs, g1 gc, windows-amd64)
# No core dump will be written. Minidumps are not enabled by default on client versions of Windows
#

---------------  S U M M A R Y ------------

Command Line: git4idea.http.GitAskPassApp Username for 'https://github.com': 

Host: AMD Ryzen 5 7520U with Radeon Graphics         , 8 cores, 7G,  Windows 11 , 64 bit Build 26100 (10.0.26100.6725)
Time: Tue Jun  9 20:49:25 2026 SE Asia Standard Time elapsed time: 7.830545 seconds (0d 0h 0m 7s)

---------------  T H R E A D  ---------------

Current thread (0x000002482145a590):  JavaThread "C2 CompilerThread1" daemon [_thread_in_native, id=10188, stack(0x0000004ca1c00000,0x0000004ca1d00000) (1024K)]


Current CompileTask:
C2:7830 1074       4       sun.security.ec.ECOperations::setDouble (463 bytes)

Stack: [0x0000004ca1c00000,0x0000004ca1d00000]
Native frames: (J=compiled Java code, j=interpreted, Vv=VM code, C=native code)
V  [jvm.dll+0x6d6c99]
V  [jvm.dll+0x866b83]
V  [jvm.dll+0x8691ae]
V  [jvm.dll+0x869893]
V  [jvm.dll+0x280776]
V  [jvm.dll+0xc07cd]
V  [jvm.dll+0xc0d03]
V  [jvm.dll+0x2f5a10]
V  [jvm.dll+0x5ff9a9]
V  [jvm.dll+0x252572]
V  [jvm.dll+0x25292f]
V  [jvm.dll+0x24b0d5]
V  [jvm.dll+0x24892e]
V  [jvm.dll+0x1c7344]
V  [jvm.dll+0x2581ae]
V  [jvm.dll+0x2566f6]
V  [jvm.dll+0x3f48a6]
V  [jvm.dll+0x80f118]
V  [jvm.dll+0x6d54ed]
C  [ucrtbase.dll+0x37b0]
C  [KERNEL32.DLL+0x2e8d7]
C  [ntdll.dll+0x8c53c]


---------------  P R O C E S S  ---------------

Threads class SMR info:
_java_thread_list=0x000002482145cb30, length=15, elements={
0x0000024803341dd0, 0x000002481cb31810, 0x000002481cb34ed0, 0x000002481cb32de0,
0x000002481cb55060, 0x000002481cb5eb60, 0x000002481cb60130, 0x000002481cb61700,
0x000002481cb64010, 0x000002481cb6ac60, 0x000002481cd23510, 0x000002481ce73080,
0x000002482137ea40, 0x00000248213fdb40, 0x000002482145a590
}

Java Threads: ( => current thread )
  0x0000024803341dd0 JavaThread "main"                              [_thread_blocked, id=1772, stack(0x0000004ca0600000,0x0000004ca0700000) (1024K)]
  0x000002481cb31810 JavaThread "Common-Cleaner"             daemon [_thread_blocked, id=3636, stack(0x0000004ca0e00000,0x0000004ca0f00000) (1024K)]
  0x000002481cb34ed0 JavaThread "Reference Handler"          daemon [_thread_blocked, id=7120, stack(0x0000004ca0f00000,0x0000004ca1000000) (1024K)]
  0x000002481cb32de0 JavaThread "Finalizer"                  daemon [_thread_blocked, id=7352, stack(0x0000004ca1000000,0x0000004ca1100000) (1024K)]
  0x000002481cb55060 JavaThread "Signal Dispatcher"          daemon [_thread_blocked, id=8672, stack(0x0000004ca1100000,0x0000004ca1200000) (1024K)]
  0x000002481cb5eb60 JavaThread "Attach Listener"            daemon [_thread_blocked, id=4156, stack(0x0000004ca1200000,0x0000004ca1300000) (1024K)]
  0x000002481cb60130 JavaThread "Service Thread"             daemon [_thread_blocked, id=5492, stack(0x0000004ca1300000,0x0000004ca1400000) (1024K)]
  0x000002481cb61700 JavaThread "Monitor Deflation Thread"   daemon [_thread_blocked, id=14296, stack(0x0000004ca1400000,0x0000004ca1500000) (1024K)]
  0x000002481cb64010 JavaThread "C2 CompilerThread0"         daemon [_thread_blocked, id=13624, stack(0x0000004ca1500000,0x0000004ca1600000) (1024K)]
  0x000002481cb6ac60 JavaThread "C1 CompilerThread0"         daemon [_thread_blocked, id=10652, stack(0x0000004ca1600000,0x0000004ca1700000) (1024K)]
  0x000002481cd23510 JavaThread "Notification Thread"        daemon [_thread_blocked, id=7844, stack(0x0000004ca1700000,0x0000004ca1800000) (1024K)]
  0x000002481ce73080 JavaThread "HttpClient-1-SelectorManager" daemon [_thread_in_native, id=14868, stack(0x0000004ca1800000,0x0000004ca1900000) (1024K)]
  0x000002482137ea40 JavaThread "HttpClient-1-Worker-0"      daemon [_thread_blocked, id=6336, stack(0x0000004ca1a00000,0x0000004ca1b00000) (1024K)]
  0x00000248213fdb40 JavaThread "HttpClient-1-Worker-1"      daemon [_thread_blocked, id=5480, stack(0x0000004ca1b00000,0x0000004ca1c00000) (1024K)]
=>0x000002482145a590 JavaThread "C2 CompilerThread1"         daemon [_thread_in_native, id=10188, stack(0x0000004ca1c00000,0x0000004ca1d00000) (1024K)]
Total: 15

Other Threads:
  0x000002481c97f850 VMThread "VM Thread"                           [id=12364, stack(0x0000004ca0d00000,0x0000004ca0e00000) (1024K)]
  0x000002481c91c2c0 WatcherThread "VM Periodic Task Thread"        [id=1272, stack(0x0000004ca0c00000,0x0000004ca0d00000) (1024K)]
  0x0000024805667850 WorkerThread "GC Thread#0"                     [id=10916, stack(0x0000004ca0700000,0x0000004ca0800000) (1024K)]
  0x0000024805677130 ConcurrentGCThread "G1 Main Marker"            [id=15008, stack(0x0000004ca0800000,0x0000004ca0900000) (1024K)]
  0x000002480567a930 WorkerThread "G1 Conc#0"                       [id=5128, stack(0x0000004ca0900000,0x0000004ca0a00000) (1024K)]
  0x000002481c7f0150 ConcurrentGCThread "G1 Refine#0"               [id=15356, stack(0x0000004ca0a00000,0x0000004ca0b00000) (1024K)]
  0x000002481c7f0970 ConcurrentGCThread "G1 Service"                [id=10248, stack(0x0000004ca0b00000,0x0000004ca0c00000) (1024K)]
Total: 7

Threads with active compile tasks:
C2 CompilerThread1  8872 1074       4       sun.security.ec.ECOperations::setDouble (463 bytes)
Total: 1

VM state: not at safepoint (normal execution)

VM Mutex/Monitor currently owned by a thread: None

Heap address: 0x000000008b800000, size: 1864 MB, Compressed Oops mode: 32-bit

CDS archive(s) not mapped
Compressed class space mapped at: 0x0000000100000000-0x0000000140000000, reserved size: 1073741824
Narrow klass base: 0x0000000000000000, Narrow klass shift: 3, Narrow klass range: 0x140000000

GC Precious Log:
 CardTable entry size: 512
 Card Set container configuration: InlinePtr #cards 5 size 8 Array Of Cards #cards 12 size 40 Howl #buckets 4 coarsen threshold 1843 Howl Bitmap #cards 512 size 80 coarsen threshold 460 Card regions per heap region 1 cards per card region 2048
 CPUs: 8 total, 8 available
 Memory: 7455M
 Large Page Support: Disabled
 NUMA Support: Disabled
 Compressed Oops: Enabled (32-bit)
 Heap Region Size: 1M
 Heap Min Capacity: 8M
 Heap Initial Capacity: 118M
 Heap Max Capacity: 1864M
 Pre-touch: Disabled
 Parallel Workers: 8
 Concurrent Workers: 2
 Concurrent Refinement Workers: 8
 Periodic GC: Disabled

Heap:
 garbage-first heap   total 120832K, used 12288K [0x000000008b800000, 0x0000000100000000)
  region size 1024K, 13 young (13312K), 0 survivors (0K)
 Metaspace       used 16091K, committed 16320K, reserved 1114112K
  class space    used 1750K, committed 1856K, reserved 1048576K

Heap Regions: E=young(eden), S=young(survivor), O=old, HS=humongous(starts), HC=humongous(continues), CS=collection set, F=free, TAMS=top-at-mark-start, PB=parsable bottom
|   0|0x000000008b800000, 0x000000008b800000, 0x000000008b900000|  0%| F|  |TAMS 0x000000008b800000| PB 0x000000008b800000| Untracked 
|   1|0x000000008b900000, 0x000000008b900000, 0x000000008ba00000|  0%| F|  |TAMS 0x000000008b900000| PB 0x000000008b900000| Untracked 
|   2|0x000000008ba00000, 0x000000008ba00000, 0x000000008bb00000|  0%| F|  |TAMS 0x000000008ba00000| PB 0x000000008ba00000| Untracked 
|   3|0x000000008bb00000, 0x000000008bb00000, 0x000000008bc00000|  0%| F|  |TAMS 0x000000008bb00000| PB 0x000000008bb00000| Untracked 
|   4|0x000000008bc00000, 0x000000008bc00000, 0x000000008bd00000|  0%| F|  |TAMS 0x000000008bc00000| PB 0x000000008bc00000| Untracked 
|   5|0x000000008bd00000, 0x000000008bd00000, 0x000000008be00000|  0%| F|  |TAMS 0x000000008bd00000| PB 0x000000008bd00000| Untracked 
|   6|0x000000008be00000, 0x000000008be00000, 0x000000008bf00000|  0%| F|  |TAMS 0x000000008be00000| PB 0x000000008be00000| Untracked 
|   7|0x000000008bf00000, 0x000000008bf00000, 0x000000008c000000|  0%| F|  |TAMS 0x000000008bf00000| PB 0x000000008bf00000| Untracked 
|   8|0x000000008c000000, 0x000000008c000000, 0x000000008c100000|  0%| F|  |TAMS 0x000000008c000000| PB 0x000000008c000000| Untracked 
|   9|0x000000008c100000, 0x000000008c100000, 0x000000008c200000|  0%| F|  |TAMS 0x000000008c100000| PB 0x000000008c100000| Untracked 
|  10|0x000000008c200000, 0x000000008c200000, 0x000000008c300000|  0%| F|  |TAMS 0x000000008c200000| PB 0x000000008c200000| Untracked 
|  11|0x000000008c300000, 0x000000008c300000, 0x000000008c400000|  0%| F|  |TAMS 0x000000008c300000| PB 0x000000008c300000| Untracked 
|  12|0x000000008c400000, 0x000000008c400000, 0x000000008c500000|  0%| F|  |TAMS 0x000000008c400000| PB 0x000000008c400000| Untracked 
|  13|0x000000008c500000, 0x000000008c500000, 0x000000008c600000|  0%| F|  |TAMS 0x000000008c500000| PB 0x000000008c500000| Untracked 
|  14|0x000000008c600000, 0x000000008c600000, 0x000000008c700000|  0%| F|  |TAMS 0x000000008c600000| PB 0x000000008c600000| Untracked 
|  15|0x000000008c700000, 0x000000008c700000, 0x000000008c800000|  0%| F|  |TAMS 0x000000008c700000| PB 0x000000008c700000| Untracked 
|  16|0x000000008c800000, 0x000000008c800000, 0x000000008c900000|  0%| F|  |TAMS 0x000000008c800000| PB 0x000000008c800000| Untracked 
|  17|0x000000008c900000, 0x000000008c900000, 0x000000008ca00000|  0%| F|  |TAMS 0x000000008c900000| PB 0x000000008c900000| Untracked 
|  18|0x000000008ca00000, 0x000000008ca00000, 0x000000008cb00000|  0%| F|  |TAMS 0x000000008ca00000| PB 0x000000008ca00000| Untracked 
|  19|0x000000008cb00000, 0x000000008cb00000, 0x000000008cc00000|  0%| F|  |TAMS 0x000000008cb00000| PB 0x000000008cb00000| Untracked 
|  20|0x000000008cc00000, 0x000000008cc00000, 0x000000008cd00000|  0%| F|  |TAMS 0x000000008cc00000| PB 0x000000008cc00000| Untracked 
|  21|0x000000008cd00000, 0x000000008cd00000, 0x000000008ce00000|  0%| F|  |TAMS 0x000000008cd00000| PB 0x000000008cd00000| Untracked 
|  22|0x000000008ce00000, 0x000000008ce00000, 0x000000008cf00000|  0%| F|  |TAMS 0x000000008ce00000| PB 0x000000008ce00000| Untracked 
|  23|0x000000008cf00000, 0x000000008cf00000, 0x000000008d000000|  0%| F|  |TAMS 0x000000008cf00000| PB 0x000000008cf00000| Untracked 
|  24|0x000000008d000000, 0x000000008d000000, 0x000000008d100000|  0%| F|  |TAMS 0x000000008d000000| PB 0x000000008d000000| Untracked 
|  25|0x000000008d100000, 0x000000008d100000, 0x000000008d200000|  0%| F|  |TAMS 0x000000008d100000| PB 0x000000008d100000| Untracked 
|  26|0x000000008d200000, 0x000000008d200000, 0x000000008d300000|  0%| F|  |TAMS 0x000000008d200000| PB 0x000000008d200000| Untracked 
|  27|0x000000008d300000, 0x000000008d300000, 0x000000008d400000|  0%| F|  |TAMS 0x000000008d300000| PB 0x000000008d300000| Untracked 
|  28|0x000000008d400000, 0x000000008d400000, 0x000000008d500000|  0%| F|  |TAMS 0x000000008d400000| PB 0x000000008d400000| Untracked 
|  29|0x000000008d500000, 0x000000008d500000, 0x000000008d600000|  0%| F|  |TAMS 0x000000008d500000| PB 0x000000008d500000| Untracked 
|  30|0x000000008d600000, 0x000000008d600000, 0x000000008d700000|  0%| F|  |TAMS 0x000000008d600000| PB 0x000000008d600000| Untracked 
|  31|0x000000008d700000, 0x000000008d700000, 0x000000008d800000|  0%| F|  |TAMS 0x000000008d700000| PB 0x000000008d700000| Untracked 
|  32|0x000000008d800000, 0x000000008d800000, 0x000000008d900000|  0%| F|  |TAMS 0x000000008d800000| PB 0x000000008d800000| Untracked 
|  33|0x000000008d900000, 0x000000008d900000, 0x000000008da00000|  0%| F|  |TAMS 0x000000008d900000| PB 0x000000008d900000| Untracked 
|  34|0x000000008da00000, 0x000000008da00000, 0x000000008db00000|  0%| F|  |TAMS 0x000000008da00000| PB 0x000000008da00000| Untracked 
|  35|0x000000008db00000, 0x000000008db00000, 0x000000008dc00000|  0%| F|  |TAMS 0x000000008db00000| PB 0x000000008db00000| Untracked 
|  36|0x000000008dc00000, 0x000000008dc00000, 0x000000008dd00000|  0%| F|  |TAMS 0x000000008dc00000| PB 0x000000008dc00000| Untracked 
|  37|0x000000008dd00000, 0x000000008dd00000, 0x000000008de00000|  0%| F|  |TAMS 0x000000008dd00000| PB 0x000000008dd00000| Untracked 
|  38|0x000000008de00000, 0x000000008de00000, 0x000000008df00000|  0%| F|  |TAMS 0x000000008de00000| PB 0x000000008de00000| Untracked 
|  39|0x000000008df00000, 0x000000008df00000, 0x000000008e000000|  0%| F|  |TAMS 0x000000008df00000| PB 0x000000008df00000| Untracked 
|  40|0x000000008e000000, 0x000000008e000000, 0x000000008e100000|  0%| F|  |TAMS 0x000000008e000000| PB 0x000000008e000000| Untracked 
|  41|0x000000008e100000, 0x000000008e100000, 0x000000008e200000|  0%| F|  |TAMS 0x000000008e100000| PB 0x000000008e100000| Untracked 
|  42|0x000000008e200000, 0x000000008e200000, 0x000000008e300000|  0%| F|  |TAMS 0x000000008e200000| PB 0x000000008e200000| Untracked 
|  43|0x000000008e300000, 0x000000008e300000, 0x000000008e400000|  0%| F|  |TAMS 0x000000008e300000| PB 0x000000008e300000| Untracked 
|  44|0x000000008e400000, 0x000000008e400000, 0x000000008e500000|  0%| F|  |TAMS 0x000000008e400000| PB 0x000000008e400000| Untracked 
|  45|0x000000008e500000, 0x000000008e500000, 0x000000008e600000|  0%| F|  |TAMS 0x000000008e500000| PB 0x000000008e500000| Untracked 
|  46|0x000000008e600000, 0x000000008e600000, 0x000000008e700000|  0%| F|  |TAMS 0x000000008e600000| PB 0x000000008e600000| Untracked 
|  47|0x000000008e700000, 0x000000008e700000, 0x000000008e800000|  0%| F|  |TAMS 0x000000008e700000| PB 0x000000008e700000| Untracked 
|  48|0x000000008e800000, 0x000000008e800000, 0x000000008e900000|  0%| F|  |TAMS 0x000000008e800000| PB 0x000000008e800000| Untracked 
|  49|0x000000008e900000, 0x000000008e900000, 0x000000008ea00000|  0%| F|  |TAMS 0x000000008e900000| PB 0x000000008e900000| Untracked 
|  50|0x000000008ea00000, 0x000000008ea00000, 0x000000008eb00000|  0%| F|  |TAMS 0x000000008ea00000| PB 0x000000008ea00000| Untracked 
|  51|0x000000008eb00000, 0x000000008eb00000, 0x000000008ec00000|  0%| F|  |TAMS 0x000000008eb00000| PB 0x000000008eb00000| Untracked 
|  52|0x000000008ec00000, 0x000000008ec00000, 0x000000008ed00000|  0%| F|  |TAMS 0x000000008ec00000| PB 0x000000008ec00000| Untracked 
|  53|0x000000008ed00000, 0x000000008ed00000, 0x000000008ee00000|  0%| F|  |TAMS 0x000000008ed00000| PB 0x000000008ed00000| Untracked 
|  54|0x000000008ee00000, 0x000000008ee00000, 0x000000008ef00000|  0%| F|  |TAMS 0x000000008ee00000| PB 0x000000008ee00000| Untracked 
|  55|0x000000008ef00000, 0x000000008ef00000, 0x000000008f000000|  0%| F|  |TAMS 0x000000008ef00000| PB 0x000000008ef00000| Untracked 
|  56|0x000000008f000000, 0x000000008f000000, 0x000000008f100000|  0%| F|  |TAMS 0x000000008f000000| PB 0x000000008f000000| Untracked 
|  57|0x000000008f100000, 0x000000008f100000, 0x000000008f200000|  0%| F|  |TAMS 0x000000008f100000| PB 0x000000008f100000| Untracked 
|  58|0x000000008f200000, 0x000000008f200000, 0x000000008f300000|  0%| F|  |TAMS 0x000000008f200000| PB 0x000000008f200000| Untracked 
|  59|0x000000008f300000, 0x000000008f300000, 0x000000008f400000|  0%| F|  |TAMS 0x000000008f300000| PB 0x000000008f300000| Untracked 
|  60|0x000000008f400000, 0x000000008f400000, 0x000000008f500000|  0%| F|  |TAMS 0x000000008f400000| PB 0x000000008f400000| Untracked 
|  61|0x000000008f500000, 0x000000008f500000, 0x000000008f600000|  0%| F|  |TAMS 0x000000008f500000| PB 0x000000008f500000| Untracked 
|  62|0x000000008f600000, 0x000000008f600000, 0x000000008f700000|  0%| F|  |TAMS 0x000000008f600000| PB 0x000000008f600000| Untracked 
|  63|0x000000008f700000, 0x000000008f700000, 0x000000008f800000|  0%| F|  |TAMS 0x000000008f700000| PB 0x000000008f700000| Untracked 
|  64|0x000000008f800000, 0x000000008f800000, 0x000000008f900000|  0%| F|  |TAMS 0x000000008f800000| PB 0x000000008f800000| Untracked 
|  65|0x000000008f900000, 0x000000008f900000, 0x000000008fa00000|  0%| F|  |TAMS 0x000000008f900000| PB 0x000000008f900000| Untracked 
|  66|0x000000008fa00000, 0x000000008fa00000, 0x000000008fb00000|  0%| F|  |TAMS 0x000000008fa00000| PB 0x000000008fa00000| Untracked 
|  67|0x000000008fb00000, 0x000000008fb00000, 0x000000008fc00000|  0%| F|  |TAMS 0x000000008fb00000| PB 0x000000008fb00000| Untracked 
|  68|0x000000008fc00000, 0x000000008fc00000, 0x000000008fd00000|  0%| F|  |TAMS 0x000000008fc00000| PB 0x000000008fc00000| Untracked 
|  69|0x000000008fd00000, 0x000000008fd00000, 0x000000008fe00000|  0%| F|  |TAMS 0x000000008fd00000| PB 0x000000008fd00000| Untracked 
|  70|0x000000008fe00000, 0x000000008fe00000, 0x000000008ff00000|  0%| F|  |TAMS 0x000000008fe00000| PB 0x000000008fe00000| Untracked 
|  71|0x000000008ff00000, 0x000000008ff00000, 0x0000000090000000|  0%| F|  |TAMS 0x000000008ff00000| PB 0x000000008ff00000| Untracked 
|  72|0x0000000090000000, 0x0000000090000000, 0x0000000090100000|  0%| F|  |TAMS 0x0000000090000000| PB 0x0000000090000000| Untracked 
|  73|0x0000000090100000, 0x0000000090100000, 0x0000000090200000|  0%| F|  |TAMS 0x0000000090100000| PB 0x0000000090100000| Untracked 
|  74|0x0000000090200000, 0x0000000090200000, 0x0000000090300000|  0%| F|  |TAMS 0x0000000090200000| PB 0x0000000090200000| Untracked 
|  75|0x0000000090300000, 0x0000000090300000, 0x0000000090400000|  0%| F|  |TAMS 0x0000000090300000| PB 0x0000000090300000| Untracked 
|  76|0x0000000090400000, 0x0000000090400000, 0x0000000090500000|  0%| F|  |TAMS 0x0000000090400000| PB 0x0000000090400000| Untracked 
|  77|0x0000000090500000, 0x0000000090500000, 0x0000000090600000|  0%| F|  |TAMS 0x0000000090500000| PB 0x0000000090500000| Untracked 
|  78|0x0000000090600000, 0x0000000090600000, 0x0000000090700000|  0%| F|  |TAMS 0x0000000090600000| PB 0x0000000090600000| Untracked 
|  79|0x0000000090700000, 0x0000000090700000, 0x0000000090800000|  0%| F|  |TAMS 0x0000000090700000| PB 0x0000000090700000| Untracked 
|  80|0x0000000090800000, 0x0000000090800000, 0x0000000090900000|  0%| F|  |TAMS 0x0000000090800000| PB 0x0000000090800000| Untracked 
|  81|0x0000000090900000, 0x0000000090900000, 0x0000000090a00000|  0%| F|  |TAMS 0x0000000090900000| PB 0x0000000090900000| Untracked 
|  82|0x0000000090a00000, 0x0000000090a00000, 0x0000000090b00000|  0%| F|  |TAMS 0x0000000090a00000| PB 0x0000000090a00000| Untracked 
|  83|0x0000000090b00000, 0x0000000090b00000, 0x0000000090c00000|  0%| F|  |TAMS 0x0000000090b00000| PB 0x0000000090b00000| Untracked 
|  84|0x0000000090c00000, 0x0000000090c00000, 0x0000000090d00000|  0%| F|  |TAMS 0x0000000090c00000| PB 0x0000000090c00000| Untracked 
|  85|0x0000000090d00000, 0x0000000090d00000, 0x0000000090e00000|  0%| F|  |TAMS 0x0000000090d00000| PB 0x0000000090d00000| Untracked 
|  86|0x0000000090e00000, 0x0000000090e00000, 0x0000000090f00000|  0%| F|  |TAMS 0x0000000090e00000| PB 0x0000000090e00000| Untracked 
|  87|0x0000000090f00000, 0x0000000090f00000, 0x0000000091000000|  0%| F|  |TAMS 0x0000000090f00000| PB 0x0000000090f00000| Untracked 
|  88|0x0000000091000000, 0x0000000091000000, 0x0000000091100000|  0%| F|  |TAMS 0x0000000091000000| PB 0x0000000091000000| Untracked 
|  89|0x0000000091100000, 0x0000000091100000, 0x0000000091200000|  0%| F|  |TAMS 0x0000000091100000| PB 0x0000000091100000| Untracked 
|  90|0x0000000091200000, 0x0000000091200000, 0x0000000091300000|  0%| F|  |TAMS 0x0000000091200000| PB 0x0000000091200000| Untracked 
|  91|0x0000000091300000, 0x0000000091300000, 0x0000000091400000|  0%| F|  |TAMS 0x0000000091300000| PB 0x0000000091300000| Untracked 
|  92|0x0000000091400000, 0x0000000091400000, 0x0000000091500000|  0%| F|  |TAMS 0x0000000091400000| PB 0x0000000091400000| Untracked 
|  93|0x0000000091500000, 0x0000000091500000, 0x0000000091600000|  0%| F|  |TAMS 0x0000000091500000| PB 0x0000000091500000| Untracked 
|  94|0x0000000091600000, 0x0000000091600000, 0x0000000091700000|  0%| F|  |TAMS 0x0000000091600000| PB 0x0000000091600000| Untracked 
|  95|0x0000000091700000, 0x0000000091700000, 0x0000000091800000|  0%| F|  |TAMS 0x0000000091700000| PB 0x0000000091700000| Untracked 
|  96|0x0000000091800000, 0x0000000091800000, 0x0000000091900000|  0%| F|  |TAMS 0x0000000091800000| PB 0x0000000091800000| Untracked 
|  97|0x0000000091900000, 0x0000000091900000, 0x0000000091a00000|  0%| F|  |TAMS 0x0000000091900000| PB 0x0000000091900000| Untracked 
|  98|0x0000000091a00000, 0x0000000091a00000, 0x0000000091b00000|  0%| F|  |TAMS 0x0000000091a00000| PB 0x0000000091a00000| Untracked 
|  99|0x0000000091b00000, 0x0000000091b00000, 0x0000000091c00000|  0%| F|  |TAMS 0x0000000091b00000| PB 0x0000000091b00000| Untracked 
| 100|0x0000000091c00000, 0x0000000091c00000, 0x0000000091d00000|  0%| F|  |TAMS 0x0000000091c00000| PB 0x0000000091c00000| Untracked 
| 101|0x0000000091d00000, 0x0000000091d00000, 0x0000000091e00000|  0%| F|  |TAMS 0x0000000091d00000| PB 0x0000000091d00000| Untracked 
| 102|0x0000000091e00000, 0x0000000091e00000, 0x0000000091f00000|  0%| F|  |TAMS 0x0000000091e00000| PB 0x0000000091e00000| Untracked 
| 103|0x0000000091f00000, 0x0000000091f00000, 0x0000000092000000|  0%| F|  |TAMS 0x0000000091f00000| PB 0x0000000091f00000| Untracked 
| 104|0x0000000092000000, 0x0000000092000000, 0x0000000092100000|  0%| F|  |TAMS 0x0000000092000000| PB 0x0000000092000000| Untracked 
| 105|0x0000000092100000, 0x0000000092200000, 0x0000000092200000|100%| E|  |TAMS 0x0000000092100000| PB 0x0000000092100000| Complete 
| 106|0x0000000092200000, 0x0000000092300000, 0x0000000092300000|100%| E|CS|TAMS 0x0000000092200000| PB 0x0000000092200000| Complete 
| 107|0x0000000092300000, 0x0000000092400000, 0x0000000092400000|100%| E|CS|TAMS 0x0000000092300000| PB 0x0000000092300000| Complete 
| 108|0x0000000092400000, 0x0000000092500000, 0x0000000092500000|100%| E|CS|TAMS 0x0000000092400000| PB 0x0000000092400000| Complete 
| 109|0x0000000092500000, 0x0000000092600000, 0x0000000092600000|100%| E|CS|TAMS 0x0000000092500000| PB 0x0000000092500000| Complete 
| 110|0x0000000092600000, 0x0000000092700000, 0x0000000092700000|100%| E|CS|TAMS 0x0000000092600000| PB 0x0000000092600000| Complete 
| 111|0x0000000092700000, 0x0000000092800000, 0x0000000092800000|100%| E|CS|TAMS 0x0000000092700000| PB 0x0000000092700000| Complete 
| 112|0x0000000092800000, 0x0000000092900000, 0x0000000092900000|100%| E|CS|TAMS 0x0000000092800000| PB 0x0000000092800000| Complete 
| 113|0x0000000092900000, 0x0000000092a00000, 0x0000000092a00000|100%| E|CS|TAMS 0x0000000092900000| PB 0x0000000092900000| Complete 
| 114|0x0000000092a00000, 0x0000000092b00000, 0x0000000092b00000|100%| E|CS|TAMS 0x0000000092a00000| PB 0x0000000092a00000| Complete 
| 115|0x0000000092b00000, 0x0000000092c00000, 0x0000000092c00000|100%| E|CS|TAMS 0x0000000092b00000| PB 0x0000000092b00000| Complete 
| 116|0x0000000092c00000, 0x0000000092d00000, 0x0000000092d00000|100%| E|CS|TAMS 0x0000000092c00000| PB 0x0000000092c00000| Complete 
| 117|0x0000000092d00000, 0x0000000092e00000, 0x0000000092e00000|100%| E|CS|TAMS 0x0000000092d00000| PB 0x0000000092d00000| Complete 

Card table byte_map: [0x0000024817e60000,0x0000024818210000] _byte_map_base: 0x0000024817a04000

Marking Bits: (CMBitMap*) 0x0000024805667f50
 Bits: [0x0000024818210000, 0x0000024819f30000)

Polling page: 0x0000024803300000

Metaspace:

Usage:
  Non-class:     14.01 MB used.
      Class:      1.71 MB used.
       Both:     15.71 MB used.

Virtual space:
  Non-class space:       64.00 MB reserved,      14.12 MB ( 22%) committed,  1 nodes.
      Class space:        1.00 GB reserved,       1.81 MB ( <1%) committed,  1 nodes.
             Both:        1.06 GB reserved,      15.94 MB (  1%) committed. 

Chunk freelists:
   Non-Class:  1008.00 KB
       Class:  14.11 MB
        Both:  15.09 MB

MaxMetaspaceSize: unlimited
CompressedClassSpaceSize: 1.00 GB
Initial GC threshold: 21.00 MB
Current GC threshold: 21.00 MB
CDS: off
 - commit_granule_bytes: 65536.
 - commit_granule_words: 8192.
 - virtual_space_node_default_size: 8388608.
 - enlarge_chunks_in_place: 1.
 - use_allocation_guard: 0.


Internal statistics:

num_allocs_failed_limit: 0.
num_arena_births: 174.
num_arena_deaths: 0.
num_vsnodes_births: 2.
num_vsnodes_deaths: 0.
num_space_committed: 255.
num_space_uncommitted: 0.
num_chunks_returned_to_freelist: 0.
num_chunks_taken_from_freelist: 348.
num_chunk_merges: 0.
num_chunk_splits: 181.
num_chunks_enlarged: 78.
num_inconsistent_stats: 0.

CodeHeap 'non-profiled nmethods': size=120000Kb used=379Kb max_used=379Kb free=119620Kb
 bounds [0x0000024810250000, 0x00000248104c0000, 0x0000024817780000]
CodeHeap 'profiled nmethods': size=120000Kb used=1706Kb max_used=1706Kb free=118293Kb
 bounds [0x0000024808780000, 0x00000248089f0000, 0x000002480fcb0000]
CodeHeap 'non-nmethods': size=5760Kb used=1331Kb max_used=1360Kb free=4428Kb
 bounds [0x000002480fcb0000, 0x000002480ff20000, 0x0000024810250000]
CodeCache: size=245760Kb, used=3416Kb, max_used=3445Kb, free=242341Kb
 total_blobs=1609, nmethods=1097, adapters=417, full_count=0
Compilation: enabled, stopped_count=0, restarted_count=0

Compilation events (20 events):
Event: 2.766 Thread 0x000002482145a590 nmethod 1052 0x00000248102a8810 code [0x00000248102a89a0, 0x00000248102a8ad8]
Event: 2.766 Thread 0x000002482145a590 1074       4       sun.security.ec.ECOperations::setDouble (463 bytes)
Event: 2.775 Thread 0x000002481cb64010 nmethod 1063 0x00000248102a8c10 code [0x00000248102a8e00, 0x00000248102a96f0]
Event: 2.775 Thread 0x000002481cb64010 1075       4       sun.security.util.math.intpoly.IntegerPolynomial$MutableElement::setAdditiveInverse (32 bytes)
Event: 2.777 Thread 0x000002481cb64010 nmethod 1075 0x00000248102a9c10 code [0x00000248102a9da0, 0x00000248102a9f70]
Event: 2.778 Thread 0x000002481cb6ac60 1076       3       sun.security.ec.ECOperations$PointMultiplier$Secp256R1GeneratorMultiplier::bit (13 bytes)
Event: 2.778 Thread 0x000002481cb6ac60 nmethod 1076 0x0000024808923890 code [0x0000024808923a20, 0x0000024808923b48]
Event: 2.778 Thread 0x000002481cb6ac60 1077  s    3       java.io.ByteArrayOutputStream::toByteArray (12 bytes)
Event: 2.779 Thread 0x000002481cb6ac60 nmethod 1077 0x0000024808923c10 code [0x0000024808923dc0, 0x0000024808923fd0]
Event: 2.779 Thread 0x000002481cb6ac60 1078       3       java.nio.HeapByteBuffer::ix (7 bytes)
Event: 2.779 Thread 0x000002481cb6ac60 nmethod 1078 0x0000024808924090 code [0x0000024808924220, 0x0000024808924330]
Event: 2.779 Thread 0x000002481cb6ac60 1079       3       java.lang.Enum::hashCode (21 bytes)
Event: 2.779 Thread 0x000002481cb6ac60 nmethod 1079 0x0000024808924390 code [0x0000024808924540, 0x00000248089246c8]
Event: 2.780 Thread 0x000002482145beb0 nmethod 1071 0x00000248102aa510 code [0x00000248102aa700, 0x00000248102ab190]
Event: 2.781 Thread 0x000002481cb6ac60 1081       3       java.lang.invoke.MethodHandleNatives::isCallerSensitive (29 bytes)
Event: 2.781 Thread 0x000002481cb6ac60 nmethod 1081 0x0000024808924790 code [0x0000024808924980, 0x0000024808924da8]
Event: 2.781 Thread 0x000002481cb6ac60 1082       3       java.lang.invoke.MethodHandleNatives::canBeCalledVirtual (49 bytes)
Event: 2.782 Thread 0x000002482145beb0 1083   !   4       java.util.concurrent.ConcurrentHashMap::putVal (432 bytes)
Event: 2.782 Thread 0x000002481cb6ac60 nmethod 1082 0x0000024808924f10 code [0x0000024808925100, 0x0000024808925590]
Event: 3.800 Thread 0x000002482145beb0 nmethod 1083 0x00000248102ab890 code [0x00000248102abb00, 0x00000248102acd50]

GC Heap History (0 events):
No events

Dll operation events (2 events):
Event: 0.010 Loaded shared library C:\Program Files\Android\Android Studio\jbr\bin\java.dll
Event: 0.016 Loaded shared library C:\Program Files\Android\Android Studio\jbr\bin\zip.dll

Deoptimization events (6 events):
Event: 1.285 Thread 0x0000024803341dd0 Uncommon trap: trap_request=0xffffff45 fr.pc=0x0000024810263a14 relative=0x0000000000000074
Event: 1.285 Thread 0x0000024803341dd0 Uncommon trap: reason=unstable_if action=reinterpret pc=0x0000024810263a14 method=java.lang.CharacterDataLatin1.toLowerCase(I)I @ 16 c2
Event: 1.285 Thread 0x0000024803341dd0 DEOPT PACKING pc=0x0000024810263a14 sp=0x0000004ca06fb010
Event: 1.285 Thread 0x0000024803341dd0 DEOPT UNPACKING pc=0x000002480fd043a2 sp=0x0000004ca06fafa0 mode 2
Event: 2.596 Thread 0x0000024803341dd0 DEOPT PACKING pc=0x000002480879794c sp=0x0000004ca06fc260
Event: 2.596 Thread 0x0000024803341dd0 DEOPT UNPACKING pc=0x000002480fd04b42 sp=0x0000004ca06fb680 mode 0

Classes loaded (20 events):
Event: 2.780 Loading class sun/security/ssl/OutputRecord$T13PaddingHolder
Event: 2.780 Loading class sun/security/ssl/OutputRecord$T13PaddingHolder done
Event: 2.780 Loading class sun/security/ssl/Ciphertext
Event: 2.780 Loading class sun/security/ssl/Ciphertext done
Event: 2.780 Loading class sun/security/ssl/PostHandshakeContext
Event: 2.780 Loading class sun/security/ssl/PostHandshakeContext done
Event: 2.780 Loading class javax/net/ssl/SSLEngineResult$Status
Event: 2.780 Loading class javax/net/ssl/SSLEngineResult$Status done
Event: 2.780 Loading class javax/net/ssl/SSLEngineResult
Event: 2.780 Loading class javax/net/ssl/SSLEngineResult done
Event: 2.781 Loading class java/lang/NoSuchFieldError
Event: 2.781 Loading class java/lang/NoSuchFieldError done
Event: 2.782 Loading class sun/nio/ch/IOVecWrapper
Event: 2.782 Loading class sun/nio/ch/IOVecWrapper done
Event: 2.782 Loading class sun/nio/ch/AllocatedNativeObject
Event: 2.782 Loading class sun/nio/ch/NativeObject
Event: 2.782 Loading class sun/nio/ch/NativeObject done
Event: 2.782 Loading class sun/nio/ch/AllocatedNativeObject done
Event: 2.782 Loading class sun/nio/ch/IOVecWrapper$Deallocator
Event: 2.782 Loading class sun/nio/ch/IOVecWrapper$Deallocator done

Classes unloaded (0 events):
No events

Classes redefined (0 events):
No events

Internal exceptions (18 events):
Event: 1.284 Thread 0x0000024803341dd0 Exception <a 'sun/nio/fs/WindowsException'{0x0000000092a7b308}> (0x0000000092a7b308) 
thrown [s\src\hotspot\share\prims\jni.cpp, line 537]
Event: 2.430 Thread 0x0000024803341dd0 Exception <a 'java/lang/NoSuchMethodError'{0x00000000929a88d8}: 'java.lang.Object java.lang.invoke.DirectMethodHandle$Holder.invokeStaticInit(java.lang.Object, java.lang.Object, int, int, int, int)'> (0x00000000929a88d8) 
thrown [s\src\hotspot\share\interpreter\linkResolver.cpp, line 784]
Event: 2.471 Thread 0x0000024803341dd0 Exception <a 'java/lang/NoSuchMethodError'{0x0000000092853868}: 'java.lang.Object java.lang.invoke.DirectMethodHandle$Holder.invokeStaticInit(java.lang.Object, java.lang.Object, int)'> (0x0000000092853868) 
thrown [s\src\hotspot\share\interpreter\linkResolver.cpp, line 784]
Event: 2.472 Thread 0x0000024803341dd0 Exception <a 'java/lang/NoSuchMethodError'{0x0000000092859770}: 'java.lang.Object java.lang.invoke.DirectMethodHandle$Holder.newInvokeSpecial(java.lang.Object, java.lang.Object, int)'> (0x0000000092859770) 
thrown [s\src\hotspot\share\interpreter\linkResolver.cpp, line 784]
Event: 2.475 Thread 0x0000024803341dd0 Exception <a 'java/lang/NoSuchMethodError'{0x000000009286f1b0}: 'int java.lang.invoke.DirectMethodHandle$Holder.invokeSpecialIFC(java.lang.Object, java.lang.Object, java.lang.Object)'> (0x000000009286f1b0) 
thrown [s\src\hotspot\share\interpreter\linkResolver.cpp, line 784]
Event: 2.501 Thread 0x0000024803341dd0 Exception <a 'java/lang/NoSuchMethodError'{0x00000000928a6f80}: 'java.lang.Object java.lang.invoke.Invokers$Holder.invoke_MT(java.lang.Object, java.lang.Object, java.lang.Object, java.lang.Object, java.lang.Object, java.lang.Object, java.lang.Object, java.lang.Object, java.lang.Object, java.lang.Object)'> (0x00000000928a6f80) 
thrown [s\src\hotspot\share\interpreter\linkResolver.cpp, line 784]
Event: 2.511 Thread 0x0000024803341dd0 Exception <a 'java/lang/NoSuchMethodError'{0x00000000928e7860}: 'int java.lang.invoke.DirectMethodHandle$Holder.invokeSpecial(java.lang.Object, java.lang.Object, java.lang.Object, java.lang.Object)'> (0x00000000928e7860) 
thrown [s\src\hotspot\share\interpreter\linkResolver.cpp, line 784]
Event: 2.513 Thread 0x0000024803341dd0 Exception <a 'java/lang/NoSuchMethodError'{0x00000000927007d8}: 'java.lang.Object java.lang.invoke.DelegatingMethodHandle$Holder.delegate(java.lang.Object, int, java.lang.Object, java.lang.Object)'> (0x00000000927007d8) 
thrown [s\src\hotspot\share\interpreter\linkResolver.cpp, line 784]
Event: 2.515 Thread 0x0000024803341dd0 Exception <a 'java/lang/NoSuchMethodError'{0x000000009270ff50}: 'int java.lang.invoke.Invokers$Holder.linkToTargetMethod(java.lang.Object, java.lang.Object, java.lang.Object)'> (0x000000009270ff50) 
thrown [s\src\hotspot\share\interpreter\linkResolver.cpp, line 784]
Event: 2.518 Thread 0x0000024803341dd0 Exception <a 'java/lang/NoSuchMethodError'{0x000000009273ecf0}: 'long java.lang.invoke.DirectMethodHandle$Holder.invokeSpecial(java.lang.Object, java.lang.Object)'> (0x000000009273ecf0) 
thrown [s\src\hotspot\share\interpreter\linkResolver.cpp, line 784]
Event: 2.519 Thread 0x0000024803341dd0 Exception <a 'java/lang/NoSuchMethodError'{0x0000000092745a00}: 'java.lang.Object java.lang.invoke.Invokers$Holder.invokeExact_MT(java.lang.Object, java.lang.Object, java.lang.Object, java.lang.Object, java.lang.Object, java.lang.Object)'> (0x0000000092745a00) 
thrown [s\src\hotspot\share\interpreter\linkResolver.cpp, line 784]
Event: 2.627 Thread 0x0000024803341dd0 Exception <a 'java/lang/NoSuchMethodError'{0x000000009259c790}: 'java.lang.Object java.lang.invoke.DirectMethodHandle$Holder.newInvokeSpecial(java.lang.Object, java.lang.Object, java.lang.Object, java.lang.Object, java.lang.Object)'> (0x000000009259c790) 
thrown [s\src\hotspot\share\interpreter\linkResolver.cpp, line 784]
Event: 2.657 Thread 0x0000024803341dd0 Exception <a 'java/lang/NoSuchMethodError'{0x00000000924ff330}: 'java.lang.Object java.lang.invoke.DirectMethodHandle$Holder.invokeSpecial(java.lang.Object, java.lang.Object, java.lang.Object, java.lang.Object, int)'> (0x00000000924ff330) 
thrown [s\src\hotspot\share\interpreter\linkResolver.cpp, line 784]
Event: 2.657 Thread 0x0000024803341dd0 Exception <a 'java/lang/NoSuchMethodError'{0x0000000092303130}: 'java.lang.Object java.lang.invoke.Invokers$Holder.linkToTargetMethod(java.lang.Object, java.lang.Object, int, java.lang.Object)'> (0x0000000092303130) 
thrown [s\src\hotspot\share\interpreter\linkResolver.cpp, line 784]
Event: 2.662 Thread 0x0000024803341dd0 Exception <a 'java/lang/NoSuchMethodError'{0x000000009232e418}: 'void java.lang.invoke.DirectMethodHandle$Holder.invokeSpecial(java.lang.Object, java.lang.Object, java.lang.Object)'> (0x000000009232e418) 
thrown [s\src\hotspot\share\interpreter\linkResolver.cpp, line 784]
Event: 2.676 Thread 0x000002481ce73080 Exception <a 'java/lang/NoSuchMethodError'{0x000000009251e0b0}: 'void java.lang.invoke.DirectMethodHandle$Holder.invokeStatic(java.lang.Object, java.lang.Object, int)'> (0x000000009251e0b0) 
thrown [s\src\hotspot\share\interpreter\linkResolver.cpp, line 784]
Event: 2.678 Thread 0x0000024803341dd0 Exception <a 'java/lang/NoSuchMethodError'{0x00000000923b40f0}: 'void java.lang.invoke.DirectMethodHandle$Holder.invokeSpecial(java.lang.Object, java.lang.Object, java.lang.Object, java.lang.Object, java.lang.Object)'> (0x00000000923b40f0) 
thrown [s\src\hotspot\share\interpreter\linkResolver.cpp, line 784]
Event: 2.686 Thread 0x000002482137ea40 Exception <a 'java/lang/NoSuchMethodError'{0x000000009220d968}: 'void java.lang.invoke.DirectMethodHandle$Holder.invokeInterface(java.lang.Object, java.lang.Object, java.lang.Object)'> (0x000000009220d968) 
thrown [s\src\hotspot\share\interpreter\linkResolver.cpp, line 784]

ZGC Phase Switch (0 events):
No events

VM Operations (12 events):
Event: 1.166 Executing VM operation: HandshakeAllThreads (Deoptimize)
Event: 1.166 Executing VM operation: HandshakeAllThreads (Deoptimize) done
Event: 1.166 Executing VM operation: Cleanup
Event: 1.166 Executing VM operation: Cleanup done
Event: 1.178 Executing VM operation: HandshakeAllThreads (Deoptimize)
Event: 1.178 Executing VM operation: HandshakeAllThreads (Deoptimize) done
Event: 2.181 Executing VM operation: Cleanup
Event: 2.337 Executing VM operation: Cleanup done
Event: 2.376 Executing VM operation: HandshakeAllThreads (Deoptimize)
Event: 2.376 Executing VM operation: HandshakeAllThreads (Deoptimize) done
Event: 3.384 Executing VM operation: Cleanup
Event: 3.384 Executing VM operation: Cleanup done

Memory protections (0 events):
No events

Nmethod flushes (0 events):
No events

Events (20 events):
Event: 0.088 Thread 0x0000024803341dd0 Thread added: 0x000002481cb31810
Event: 1.107 Thread 0x0000024803341dd0 Thread added: 0x000002481cb34ed0
Event: 1.107 Thread 0x0000024803341dd0 Thread added: 0x000002481cb32de0
Event: 1.109 Thread 0x0000024803341dd0 Thread added: 0x000002481cb55060
Event: 1.109 Thread 0x0000024803341dd0 Thread added: 0x000002481cb5eb60
Event: 1.109 Thread 0x0000024803341dd0 Thread added: 0x000002481cb60130
Event: 1.109 Thread 0x0000024803341dd0 Thread added: 0x000002481cb61700
Event: 1.109 Thread 0x0000024803341dd0 Thread added: 0x000002481cb64010
Event: 1.109 Thread 0x0000024803341dd0 Thread added: 0x000002481cb6ac60
Event: 1.139 Thread 0x0000024803341dd0 Thread added: 0x000002481cd23510
Event: 1.150 Loaded shared library C:\Program Files\Android\Android Studio\jbr\bin\net.dll
Event: 1.153 Loaded shared library C:\Program Files\Android\Android Studio\jbr\bin\nio.dll
Event: 1.161 Loaded shared library C:\Program Files\Android\Android Studio\jbr\bin\zip.dll
Event: 1.233 Loaded shared library C:\Program Files\Android\Android Studio\jbr\bin\jimage.dll
Event: 2.616 Loaded shared library C:\Program Files\Android\Android Studio\jbr\bin\extnet.dll
Event: 2.623 Thread 0x0000024803341dd0 Thread added: 0x000002481ce73080
Event: 2.684 Thread 0x000002481ce73080 Thread added: 0x000002482137ea40
Event: 2.700 Thread 0x000002481ce73080 Thread added: 0x00000248213fdb40
Event: 2.736 Thread 0x000002481cb64010 Thread added: 0x000002482145a590
Event: 2.739 Thread 0x000002481cb6ac60 Thread added: 0x000002482145beb0


Dynamic libraries:
0x00007ff7b4e80000 - 0x00007ff7b4e8a000 	C:\Program Files\Android\Android Studio\jbr\bin\java.exe
0x00007ff9a68c0000 - 0x00007ff9a6b28000 	C:\Windows\SYSTEM32\ntdll.dll
0x00007ff9a5010000 - 0x00007ff9a50d9000 	C:\Windows\System32\KERNEL32.DLL
0x00007ff9a3d10000 - 0x00007ff9a4102000 	C:\Windows\System32\KERNELBASE.dll
0x00007ff9a3bc0000 - 0x00007ff9a3d0b000 	C:\Windows\System32\ucrtbase.dll
0x00007ff98d660000 - 0x00007ff98d67b000 	C:\Program Files\Android\Android Studio\jbr\bin\VCRUNTIME140.dll
0x00007ff99eac0000 - 0x00007ff99ead8000 	C:\Program Files\Android\Android Studio\jbr\bin\jli.dll
0x00007ff9a4bf0000 - 0x00007ff9a4db5000 	C:\Windows\System32\USER32.dll
0x00007ff9a4320000 - 0x00007ff9a4347000 	C:\Windows\System32\win32u.dll
0x00007ff9903e0000 - 0x00007ff990673000 	C:\Windows\WinSxS\amd64_microsoft.windows.common-controls_6595b64144ccf1df_6.0.26100.6899_none_3e0efeeae32e88c1\COMCTL32.dll
0x00007ff9a5810000 - 0x00007ff9a583b000 	C:\Windows\System32\GDI32.dll
0x00007ff9a5f00000 - 0x00007ff9a5fa9000 	C:\Windows\System32\msvcrt.dll
0x00007ff9a4350000 - 0x00007ff9a447d000 	C:\Windows\System32\gdi32full.dll
0x00007ff9a4270000 - 0x00007ff9a4313000 	C:\Windows\System32\msvcp_win.dll
0x00007ff9a5840000 - 0x00007ff9a586f000 	C:\Windows\System32\IMM32.DLL
0x00007ff9977d0000 - 0x00007ff9977dc000 	C:\Program Files\Android\Android Studio\jbr\bin\vcruntime140_1.dll
0x00007ff9983b0000 - 0x00007ff99843d000 	C:\Program Files\Android\Android Studio\jbr\bin\msvcp140.dll
0x00007ff949ca0000 - 0x00007ff94a936000 	C:\Program Files\Android\Android Studio\jbr\bin\server\jvm.dll
0x00007ff9a5ba0000 - 0x00007ff9a5c54000 	C:\Windows\System32\ADVAPI32.dll
0x00007ff9a4a10000 - 0x00007ff9a4ab6000 	C:\Windows\System32\sechost.dll
0x00007ff9a4ad0000 - 0x00007ff9a4be8000 	C:\Windows\System32\RPCRT4.dll
0x00007ff9a4f90000 - 0x00007ff9a5004000 	C:\Windows\System32\WS2_32.dll
0x00007ff9982d0000 - 0x00007ff998305000 	C:\Windows\SYSTEM32\WINMM.dll
0x00007ff9a38b0000 - 0x00007ff9a390e000 	C:\Windows\SYSTEM32\POWRPROF.dll
0x00007ff995eb0000 - 0x00007ff995ebb000 	C:\Windows\SYSTEM32\VERSION.dll
0x00007ff9a3890000 - 0x00007ff9a38a4000 	C:\Windows\SYSTEM32\UMPDC.dll
0x00007ff9a2820000 - 0x00007ff9a283b000 	C:\Windows\SYSTEM32\kernel.appcore.dll
0x00007ff997450000 - 0x00007ff99745a000 	C:\Program Files\Android\Android Studio\jbr\bin\jimage.dll
0x00007ff99e1a0000 - 0x00007ff99e3e2000 	C:\Windows\SYSTEM32\DBGHELP.DLL
0x00007ff9a4690000 - 0x00007ff9a4a0b000 	C:\Windows\System32\combase.dll
0x00007ff9a5670000 - 0x00007ff9a5747000 	C:\Windows\System32\OLEAUT32.dll
0x00007ff988cd0000 - 0x00007ff988d0c000 	C:\Windows\SYSTEM32\dbgcore.DLL
0x00007ff9a4110000 - 0x00007ff9a41a8000 	C:\Windows\System32\bcryptPrimitives.dll
0x00007ff971f90000 - 0x00007ff971fb0000 	C:\Program Files\Android\Android Studio\jbr\bin\java.dll
0x00007ff94bab0000 - 0x00007ff94bac8000 	C:\Program Files\Android\Android Studio\jbr\bin\zip.dll
0x00007ff9a6120000 - 0x00007ff9a686d000 	C:\Windows\System32\SHELL32.dll
0x00007ff9a3a50000 - 0x00007ff9a3bbb000 	C:\Windows\System32\wintypes.dll
0x00007ff9a16a0000 - 0x00007ff9a1efd000 	C:\Windows\SYSTEM32\windows.storage.dll
0x00007ff9a50e0000 - 0x00007ff9a51d2000 	C:\Windows\System32\SHCORE.dll
0x00007ff9a57a0000 - 0x00007ff9a5802000 	C:\Windows\System32\shlwapi.dll
0x00007ff9a3970000 - 0x00007ff9a3999000 	C:\Windows\SYSTEM32\profapi.dll
0x00007ff994330000 - 0x00007ff994340000 	C:\Program Files\Android\Android Studio\jbr\bin\net.dll
0x00007ff998550000 - 0x00007ff99866f000 	C:\Windows\SYSTEM32\WINHTTP.dll
0x00007ff9a2d90000 - 0x00007ff9a2dfb000 	C:\Windows\system32\mswsock.dll
0x00007ff94ba90000 - 0x00007ff94baa6000 	C:\Program Files\Android\Android Studio\jbr\bin\nio.dll
0x00007ff9a3040000 - 0x00007ff9a305b000 	C:\Windows\SYSTEM32\CRYPTSP.dll
0x00007ff9a2780000 - 0x00007ff9a27bb000 	C:\Windows\system32\rsaenh.dll
0x00007ff9a2e30000 - 0x00007ff9a2e5b000 	C:\Windows\SYSTEM32\USERENV.dll
0x00007ff9a3940000 - 0x00007ff9a3966000 	C:\Windows\SYSTEM32\bcrypt.dll
0x00007ff9a3060000 - 0x00007ff9a306c000 	C:\Windows\SYSTEM32\CRYPTBASE.dll
0x00007ff9a2270000 - 0x00007ff9a22a4000 	C:\Windows\SYSTEM32\IPHLPAPI.DLL
0x00007ff9a4ac0000 - 0x00007ff9a4aca000 	C:\Windows\System32\NSI.dll
0x00007ff9274b0000 - 0x00007ff9274b8000 	C:\Windows\system32\wshunix.dll
0x00007ff992690000 - 0x00007ff992699000 	C:\Program Files\Android\Android Studio\jbr\bin\extnet.dll

JVMTI agents: none

dbghelp: loaded successfully - version: 4.0.5 - missing functions: none
symbol engine: initialized successfully - sym options: 0x614 - pdb path: .;C:\Program Files\Android\Android Studio\jbr\bin;C:\Windows\SYSTEM32;C:\Windows\WinSxS\amd64_microsoft.windows.common-controls_6595b64144ccf1df_6.0.26100.6899_none_3e0efeeae32e88c1;C:\Program Files\Android\Android Studio\jbr\bin\server

VM Arguments:
java_command: git4idea.http.GitAskPassApp Username for 'https://github.com': 
java_class_path (initial): C:/Program Files/Android/Android Studio/plugins/vcs-git/lib/git4idea-rt.jar;C:/Program Files/Android/Android Studio/lib/externalProcess-rt.jar
Launcher Type: SUN_STANDARD

[Global flags]
     intx CICompilerCount                          = 4                                         {product} {ergonomic}
     uint ConcGCThreads                            = 2                                         {product} {ergonomic}
     uint G1ConcRefinementThreads                  = 8                                         {product} {ergonomic}
   size_t G1HeapRegionSize                         = 1048576                                   {product} {ergonomic}
    uintx GCDrainStackTargetSize                   = 64                                        {product} {ergonomic}
   size_t InitialHeapSize                          = 123731968                                 {product} {ergonomic}
   size_t MarkStackSize                            = 4194304                                   {product} {ergonomic}
   size_t MaxHeapSize                              = 1954545664                                {product} {ergonomic}
   size_t MaxNewSize                               = 1172307968                                {product} {ergonomic}
   size_t MinHeapDeltaBytes                        = 1048576                                   {product} {ergonomic}
   size_t MinHeapSize                              = 8388608                                   {product} {ergonomic}
    uintx NonNMethodCodeHeapSize                   = 5839372                                {pd product} {ergonomic}
    uintx NonProfiledCodeHeapSize                  = 122909434                              {pd product} {ergonomic}
    uintx ProfiledCodeHeapSize                     = 122909434                              {pd product} {ergonomic}
    uintx ReservedCodeCacheSize                    = 251658240                              {pd product} {ergonomic}
     bool SegmentedCodeCache                       = true                                      {product} {ergonomic}
   size_t SoftMaxHeapSize                          = 1954545664                             {manageable} {ergonomic}
     bool UseCompressedOops                        = true                           {product lp64_product} {ergonomic}
     bool UseG1GC                                  = true                                      {product} {ergonomic}
     bool UseLargePagesIndividualAllocation        = false                                  {pd product} {ergonomic}

Logging:
Log output configuration:
 #0: stdout all=warning uptime,level,tags foldmultilines=false
 #1: stderr all=off uptime,level,tags foldmultilines=false

Release file:
JAVA_VERSION="21.0.9" 
MODULES="java.base java.compiler java.datatransfer java.xml java.prefs java.desktop java.instrument java.logging java.management java.security.sasl java.naming java.rmi java.management.rmi java.net.http java.scripting java.security.jgss java.transaction.xa java.sql java.sql.rowset java.xml.crypto java.se java.smartcardio jdk.accessibility jdk.internal.jvmstat jdk.attach jdk.charsets jdk.internal.opt jdk.zipfs jdk.compiler jdk.crypto.ec jdk.crypto.cryptoki jdk.dynalink jdk.hotspot.agent jdk.httpserver jdk.internal.ed jdk.internal.le jdk.internal.vm.ci jdk.jartool jdk.javadoc jdk.jcmd jdk.jdeps jdk.jdwp.agent jdk.jdi jdk.jfr jdk.jlink jdk.jsobject jdk.localedata jdk.management jdk.management.agent jdk.management.jfr jdk.naming.dns jdk.naming.rmi jdk.net jdk.sctp jdk.security.auth jdk.security.jgss jdk.unsupported jdk.unsupported.desktop jdk.xml.dom" 
IMPLEMENTOR="JetBrains s.r.o." 
JAVA_RUNTIME_VERSION="21.0.9+-14787801-b1163.94" 
LIBC="default" 
OS_ARCH="x86_64" 
OS_NAME="Windows" 
SOURCE=".:git:0c757ddc9f2f" 

Environment Variables:
PATH=D:/nona_2sic/laragon-6.0-minimal/www/nona_cat/Git/mingw64/libexec/git-core;D:/nona_2sic/laragon-6.0-minimal/www/nona_cat/Git/mingw64/libexec/git-core;D:\nona_2sic\laragon-6.0-minimal\www\nona_cat\Git\mingw64\bin;D:\nona_2sic\laragon-6.0-minimal\www\nona_cat\Git\usr\bin;C:\Users\Asus\bin;C:\Windows\system32;C:\Windows;C:\Windows\System32\Wbem;C:\Windows\System32\WindowsPowerShell\v1.0\;C:\Windows\System32\OpenSSH\;C:\Program Files\Git\cmd;C:\Program Files\Git\bin;C:\Program Files\Git\cmd;C:\composer;D:\nona_2sic\laragon-6.0-minimal\bin\php\php-8.4.12-nts-Win32-vs17-x64\;C:\Program Files\nodejs\;D:\nona_2sic\laragon-6.0-minimal\www\nona_cat\Git\cmd;C:\Users\Asus\AppData\Local\Microsoft\WindowsApps;C:\Users\Asus\AppData\Local\Programs\Microsoft VS Code\bin;C:\Users\Asus\AppData\Roaming\Composer\vendor\bin;C:\Users\Asus\AppData\Roaming\npm
USERNAME=Asus
DISPLAY=:0.0
LC_ALL=en_US.UTF-8
TERM=xterm-256color
TMPDIR=C:\Users\Asus\AppData\Local\Temp
OS=Windows_NT
PROCESSOR_IDENTIFIER=AMD64 Family 23 Model 160 Stepping 0, AuthenticAMD
TMP=C:\Users\Asus\AppData\Local\Temp
TEMP=C:\Users\Asus\AppData\Local\Temp




Periodic native trim disabled

JNI global refs:
JNI global refs: 20, weak refs: 0

JNI global refs memory usage: 835, weak refs: 201

Process memory usage:
Resident Set Size: 77352K (1% of 7634556K total physical memory with 785244K free physical memory)

OOME stack traces (most recent first):
Classloader memory used:
Loader bootstrap                                                                       : 14544K
Loader jdk.internal.loader.ClassLoaders$PlatformClassLoader                            : 1519K
Loader jdk.internal.loader.ClassLoaders$AppClassLoader                                 : 28080B

---------------  S Y S T E M  ---------------

OS:
 Windows 11 , 64 bit Build 26100 (10.0.26100.6725)
OS uptime: 0 days 1:28 hours
Hyper-V role detected

CPU: total 8 (initial active 8) (8 cores per cpu, 2 threads per core) family 23 model 160 stepping 0 microcode 0x8a00006, cx8, cmov, fxsr, ht, mmx, 3dnowpref, sse, sse2, sse3, ssse3, sse4a, sse4.1, sse4.2, popcnt, lzcnt, tsc, tscinvbit, avx, avx2, aes, clmul, bmi1, bmi2, adx, sha, fma, vzeroupper, clflush, clflushopt, hv, rdtscp, rdpid, f16c
Processor Information for processor 0
  Max Mhz: 2801, Current Mhz: 2246, Mhz Limit: 2801
Processor Information for processor 1
  Max Mhz: 2801, Current Mhz: 2246, Mhz Limit: 2801
Processor Information for processor 2
  Max Mhz: 2801, Current Mhz: 2801, Mhz Limit: 2801
Processor Information for processor 3
  Max Mhz: 2801, Current Mhz: 2246, Mhz Limit: 2801
Processor Information for processor 4
  Max Mhz: 2801, Current Mhz: 2801, Mhz Limit: 2801
Processor Information for processor 5
  Max Mhz: 2801, Current Mhz: 2246, Mhz Limit: 2801
Processor Information for processor 6
  Max Mhz: 2801, Current Mhz: 2246, Mhz Limit: 2801
Processor Information for processor 7
  Max Mhz: 2801, Current Mhz: 2246, Mhz Limit: 2801

Memory: 4k page, system-wide physical 7455M (766M free)
TotalPageFile size 12681M (AvailPageFile size 3M)
current process WorkingSet (physical memory assigned to process): 75M, peak: 76M
current process commit charge ("private bytes"): 216M, peak: 219M

vm_info: OpenJDK 64-Bit Server VM (21.0.9+-14787801-b1163.94) for windows-amd64 JRE (21.0.9+-14787801-b1163.94), built on 2026-01-27T21:15:44Z by "builder" with MS VC++ 16.10 / 16.11 (VS2019)

END.
